Archive member included because of file (symbol)

C:\Users\TehnoCentar\Desktop\RSZDMK_kolokvijum_1\usart\Release\libusart.a(usart.o)
                              ./main.o (usartInit)
c:/winavr-20100110/bin/../lib/gcc/avr/4.3.3/avr5\libgcc.a(_udivmodsi4.o)
                              C:\Users\TehnoCentar\Desktop\RSZDMK_kolokvijum_1\usart\Release\libusart.a(usart.o) (__udivmodsi4)
c:/winavr-20100110/bin/../lib/gcc/avr/4.3.3/avr5\libgcc.a(_exit.o)
                              c:/winavr-20100110/bin/../lib/gcc/avr/4.3.3/../../../../avr/lib/avr5/crtm328p.o (exit)
c:/winavr-20100110/bin/../lib/gcc/avr/4.3.3/avr5\libgcc.a(_clear_bss.o)
                              ./main.o (__do_clear_bss)

Allocating common symbols
Common symbol       size              file

Rx_Buffer           0x40              C:\Users\TehnoCentar\Desktop\RSZDMK_kolokvijum_1\usart\Release\libusart.a(usart.o)

Memory Configuration

Name             Origin             Length             Attributes
text             0x00000000         0x00020000         xr
data             0x00800060         0x0000ffa0         rw !x
eeprom           0x00810000         0x00010000         rw !x
fuse             0x00820000         0x00000400         rw !x
lock             0x00830000         0x00000400         rw !x
signature        0x00840000         0x00000400         rw !x
*default*        0x00000000         0xffffffff

Linker script and memory map

Address of section .data set to 0x800100
LOAD c:/winavr-20100110/bin/../lib/gcc/avr/4.3.3/../../../../avr/lib/avr5/crtm328p.o
LOAD ./main.o
LOAD ./tajmer.o
LOAD C:\Users\TehnoCentar\Desktop\RSZDMK_kolokvijum_1\usart\Release\libusart.a
LOAD C:\Users\TehnoCentar\Desktop\RSZDMK_kolokvijum_1\pin\Release\libpin.a
LOAD c:/winavr-20100110/bin/../lib/gcc/avr/4.3.3/avr5\libgcc.a
LOAD c:/winavr-20100110/bin/../lib/gcc/avr/4.3.3/../../../../avr/lib/avr5\libc.a
LOAD c:/winavr-20100110/bin/../lib/gcc/avr/4.3.3/avr5\libgcc.a

.hash
 *(.hash)

.dynsym
 *(.dynsym)

.dynstr
 *(.dynstr)

.gnu.version
 *(.gnu.version)

.gnu.version_d
 *(.gnu.version_d)

.gnu.version_r
 *(.gnu.version_r)

.rel.init
 *(.rel.init)

.rela.init
 *(.rela.init)

.rel.text
 *(.rel.text)
 *(.rel.text.*)
 *(.rel.gnu.linkonce.t*)

.rela.text
 *(.rela.text)
 *(.rela.text.*)
 *(.rela.gnu.linkonce.t*)

.rel.fini
 *(.rel.fini)

.rela.fini
 *(.rela.fini)

.rel.rodata
 *(.rel.rodata)
 *(.rel.rodata.*)
 *(.rel.gnu.linkonce.r*)

.rela.rodata
 *(.rela.rodata)
 *(.rela.rodata.*)
 *(.rela.gnu.linkonce.r*)

.rel.data
 *(.rel.data)
 *(.rel.data.*)
 *(.rel.gnu.linkonce.d*)

.rela.data
 *(.rela.data)
 *(.rela.data.*)
 *(.rela.gnu.linkonce.d*)

.rel.ctors
 *(.rel.ctors)

.rela.ctors
 *(.rela.ctors)

.rel.dtors
 *(.rel.dtors)

.rela.dtors
 *(.rela.dtors)

.rel.got
 *(.rel.got)

.rela.got
 *(.rela.got)

.rel.bss
 *(.rel.bss)

.rela.bss
 *(.rela.bss)

.rel.plt
 *(.rel.plt)

.rela.plt
 *(.rela.plt)

.text           0x00000000      0x41c
 *(.vectors)
 .vectors       0x00000000       0x68 c:/winavr-20100110/bin/../lib/gcc/avr/4.3.3/../../../../avr/lib/avr5/crtm328p.o
                0x00000000                __vectors
                0x00000000                __vector_default
 *(.vectors)
 *(.progmem.gcc*)
 *(.progmem*)
                0x00000068                . = ALIGN (0x2)
                0x00000068                __trampolines_start = .
 *(.trampolines)
 .trampolines   0x00000068        0x0 linker stubs
 *(.trampolines*)
                0x00000068                __trampolines_end = .
 *(.jumptables)
 *(.jumptables*)
 *(.lowtext)
 *(.lowtext*)
                0x00000068                __ctors_start = .
 *(.ctors)
                0x00000068                __ctors_end = .
                0x00000068                __dtors_start = .
 *(.dtors)
                0x00000068                __dtors_end = .
 SORT(*)(.ctors)
 SORT(*)(.dtors)
 *(.init0)
 .init0         0x00000068        0x0 c:/winavr-20100110/bin/../lib/gcc/avr/4.3.3/../../../../avr/lib/avr5/crtm328p.o
                0x00000068                __init
 *(.init0)
 *(.init1)
 *(.init1)
 *(.init2)
 .init2         0x00000068        0xc c:/winavr-20100110/bin/../lib/gcc/avr/4.3.3/../../../../avr/lib/avr5/crtm328p.o
 *(.init2)
 *(.init3)
 *(.init3)
 *(.init4)
 .init4         0x00000074       0x10 c:/winavr-20100110/bin/../lib/gcc/avr/4.3.3/avr5\libgcc.a(_clear_bss.o)
                0x00000074                __do_clear_bss
 *(.init4)
 *(.init5)
 *(.init5)
 *(.init6)
 *(.init6)
 *(.init7)
 *(.init7)
 *(.init8)
 *(.init8)
 *(.init9)
 .init9         0x00000084        0x8 c:/winavr-20100110/bin/../lib/gcc/avr/4.3.3/../../../../avr/lib/avr5/crtm328p.o
 *(.init9)
 *(.text)
 .text          0x0000008c        0x4 c:/winavr-20100110/bin/../lib/gcc/avr/4.3.3/../../../../avr/lib/avr5/crtm328p.o
                0x0000008c                __vector_22
                0x0000008c                __vector_1
                0x0000008c                __vector_24
                0x0000008c                __vector_12
                0x0000008c                __bad_interrupt
                0x0000008c                __vector_6
                0x0000008c                __vector_3
                0x0000008c                __vector_23
                0x0000008c                __vector_25
                0x0000008c                __vector_11
                0x0000008c                __vector_13
                0x0000008c                __vector_17
                0x0000008c                __vector_19
                0x0000008c                __vector_7
                0x0000008c                __vector_5
                0x0000008c                __vector_4
                0x0000008c                __vector_9
                0x0000008c                __vector_2
                0x0000008c                __vector_21
                0x0000008c                __vector_15
                0x0000008c                __vector_8
                0x0000008c                __vector_10
                0x0000008c                __vector_16
                0x0000008c                __vector_20
 .text          0x00000090        0x0 ./main.o
 .text          0x00000090        0x0 ./tajmer.o
 .text          0x00000090        0x0 C:\Users\TehnoCentar\Desktop\RSZDMK_kolokvijum_1\usart\Release\libusart.a(usart.o)
 .text          0x00000090        0x0 c:/winavr-20100110/bin/../lib/gcc/avr/4.3.3/avr5\libgcc.a(_udivmodsi4.o)
 .text          0x00000090        0x0 c:/winavr-20100110/bin/../lib/gcc/avr/4.3.3/avr5\libgcc.a(_exit.o)
 .text          0x00000090        0x0 c:/winavr-20100110/bin/../lib/gcc/avr/4.3.3/avr5\libgcc.a(_clear_bss.o)
                0x00000090                . = ALIGN (0x2)
 *(.text.*)
 .text.main     0x00000090       0x26 ./main.o
                0x00000090                main
 .text.timer0DelayMs
                0x000000b6       0x5c ./tajmer.o
                0x000000b6                timer0DelayMs
 .text.timer0InteruptInit
                0x00000112       0x14 ./tajmer.o
                0x00000112                timer0InteruptInit
 .text.__vector_14
                0x00000126       0x4a ./tajmer.o
                0x00000126                __vector_14
 .text.__vector_18
                0x00000170       0x58 C:\Users\TehnoCentar\Desktop\RSZDMK_kolokvijum_1\usart\Release\libusart.a(usart.o)
                0x00000170                __vector_18
 .text.usartInit
                0x000001c8       0x40 C:\Users\TehnoCentar\Desktop\RSZDMK_kolokvijum_1\usart\Release\libusart.a(usart.o)
                0x000001c8                usartInit
 .text.usartAvailable
                0x00000208        0x6 C:\Users\TehnoCentar\Desktop\RSZDMK_kolokvijum_1\usart\Release\libusart.a(usart.o)
                0x00000208                usartAvailable
 .text.usartPutChar
                0x0000020e       0x10 C:\Users\TehnoCentar\Desktop\RSZDMK_kolokvijum_1\usart\Release\libusart.a(usart.o)
                0x0000020e                usartPutChar
 .text.usartPutString
                0x0000021e       0x1a C:\Users\TehnoCentar\Desktop\RSZDMK_kolokvijum_1\usart\Release\libusart.a(usart.o)
                0x0000021e                usartPutString
 .text.usartPutString_P
                0x00000238       0x1e C:\Users\TehnoCentar\Desktop\RSZDMK_kolokvijum_1\usart\Release\libusart.a(usart.o)
                0x00000238                usartPutString_P
 .text.usartGetChar
                0x00000256       0x38 C:\Users\TehnoCentar\Desktop\RSZDMK_kolokvijum_1\usart\Release\libusart.a(usart.o)
                0x00000256                usartGetChar
 .text.usartGetString
                0x0000028e       0x3c C:\Users\TehnoCentar\Desktop\RSZDMK_kolokvijum_1\usart\Release\libusart.a(usart.o)
                0x0000028e                usartGetString
 .text.usartPeek
                0x000002ca       0x1a C:\Users\TehnoCentar\Desktop\RSZDMK_kolokvijum_1\usart\Release\libusart.a(usart.o)
                0x000002ca                usartPeek
 .text.usartParseInt
                0x000002e4       0xf0 C:\Users\TehnoCentar\Desktop\RSZDMK_kolokvijum_1\usart\Release\libusart.a(usart.o)
                0x000002e4                usartParseInt
 .text.libgcc   0x000003d4       0x44 c:/winavr-20100110/bin/../lib/gcc/avr/4.3.3/avr5\libgcc.a(_udivmodsi4.o)
                0x000003d4                __udivmodsi4
 .text.libgcc   0x00000418        0x0 c:/winavr-20100110/bin/../lib/gcc/avr/4.3.3/avr5\libgcc.a(_exit.o)
 .text.libgcc   0x00000418        0x0 c:/winavr-20100110/bin/../lib/gcc/avr/4.3.3/avr5\libgcc.a(_clear_bss.o)
                0x00000418                . = ALIGN (0x2)
 *(.fini9)
 .fini9         0x00000418        0x0 c:/winavr-20100110/bin/../lib/gcc/avr/4.3.3/avr5\libgcc.a(_exit.o)
                0x00000418                exit
                0x00000418                _exit
 *(.fini9)
 *(.fini8)
 *(.fini8)
 *(.fini7)
 *(.fini7)
 *(.fini6)
 *(.fini6)
 *(.fini5)
 *(.fini5)
 *(.fini4)
 *(.fini4)
 *(.fini3)
 *(.fini3)
 *(.fini2)
 *(.fini2)
 *(.fini1)
 *(.fini1)
 *(.fini0)
 .fini0         0x00000418        0x4 c:/winavr-20100110/bin/../lib/gcc/avr/4.3.3/avr5\libgcc.a(_exit.o)
 *(.fini0)
                0x0000041c                _etext = .

.data           0x00800100        0x0 load address 0x0000041c
                0x00800100                PROVIDE (__data_start, .)
 *(.data)
 .data          0x00800100        0x0 c:/winavr-20100110/bin/../lib/gcc/avr/4.3.3/../../../../avr/lib/avr5/crtm328p.o
 .data          0x00800100        0x0 ./main.o
 .data          0x00800100        0x0 ./tajmer.o
 .data          0x00800100        0x0 C:\Users\TehnoCentar\Desktop\RSZDMK_kolokvijum_1\usart\Release\libusart.a(usart.o)
 .data          0x00800100        0x0 c:/winavr-20100110/bin/../lib/gcc/avr/4.3.3/avr5\libgcc.a(_udivmodsi4.o)
 .data          0x00800100        0x0 c:/winavr-20100110/bin/../lib/gcc/avr/4.3.3/avr5\libgcc.a(_exit.o)
 .data          0x00800100        0x0 c:/winavr-20100110/bin/../lib/gcc/avr/4.3.3/avr5\libgcc.a(_clear_bss.o)
 *(.data*)
 *(.rodata)
 *(.rodata*)
 *(.gnu.linkonce.d*)
                0x00800100                . = ALIGN (0x2)
                0x00800100                _edata = .
                0x00800100                PROVIDE (__data_end, .)

.bss            0x00800100       0x4b
                0x00800100                PROVIDE (__bss_start, .)
 *(.bss)
 .bss           0x00800100        0x0 c:/winavr-20100110/bin/../lib/gcc/avr/4.3.3/../../../../avr/lib/avr5/crtm328p.o
 .bss           0x00800100        0x0 ./main.o
 .bss           0x00800100        0x0 ./tajmer.o
 .bss           0x00800100        0x0 C:\Users\TehnoCentar\Desktop\RSZDMK_kolokvijum_1\usart\Release\libusart.a(usart.o)
 .bss           0x00800100        0x0 c:/winavr-20100110/bin/../lib/gcc/avr/4.3.3/avr5\libgcc.a(_udivmodsi4.o)
 .bss           0x00800100        0x0 c:/winavr-20100110/bin/../lib/gcc/avr/4.3.3/avr5\libgcc.a(_exit.o)
 .bss           0x00800100        0x0 c:/winavr-20100110/bin/../lib/gcc/avr/4.3.3/avr5\libgcc.a(_clear_bss.o)
 *(.bss*)
 .bss.ms        0x00800100        0x4 ./main.o
                0x00800100                ms
 .bss.ms        0x00800104        0x4 ./tajmer.o
 .bss.Rx_Buffer_Size
                0x00800108        0x1 C:\Users\TehnoCentar\Desktop\RSZDMK_kolokvijum_1\usart\Release\libusart.a(usart.o)
                0x00800108                Rx_Buffer_Size
 .bss.Rx_Buffer_First
                0x00800109        0x1 C:\Users\TehnoCentar\Desktop\RSZDMK_kolokvijum_1\usart\Release\libusart.a(usart.o)
                0x00800109                Rx_Buffer_First
 .bss.Rx_Buffer_Last
                0x0080010a        0x1 C:\Users\TehnoCentar\Desktop\RSZDMK_kolokvijum_1\usart\Release\libusart.a(usart.o)
                0x0080010a                Rx_Buffer_Last
 *(COMMON)
 COMMON         0x0080010b       0x40 C:\Users\TehnoCentar\Desktop\RSZDMK_kolokvijum_1\usart\Release\libusart.a(usart.o)
                0x0080010b                Rx_Buffer
                0x0080014b                PROVIDE (__bss_end, .)
                0x0000041c                __data_load_start = LOADADDR (.data)
                0x0000041c                __data_load_end = (__data_load_start + SIZEOF (.data))

.noinit         0x0080014b        0x0
                0x0080014b                PROVIDE (__noinit_start, .)
 *(.noinit*)
                0x0080014b                PROVIDE (__noinit_end, .)
                0x0080014b                _end = .
                0x0080014b                PROVIDE (__heap_start, .)

.eeprom         0x00810000        0x0
 *(.eeprom*)
                0x00810000                __eeprom_end = .

.fuse
 *(.fuse)
 *(.lfuse)
 *(.hfuse)
 *(.efuse)

.lock
 *(.lock*)

.signature
 *(.signature*)

.stab
 *(.stab)

.stabstr
 *(.stabstr)

.stab.excl
 *(.stab.excl)

.stab.exclstr
 *(.stab.exclstr)

.stab.index
 *(.stab.index)

.stab.indexstr
 *(.stab.indexstr)

.comment
 *(.comment)

.debug
 *(.debug)

.line
 *(.line)

.debug_srcinfo
 *(.debug_srcinfo)

.debug_sfnames
 *(.debug_sfnames)

.debug_aranges
 *(.debug_aranges)

.debug_pubnames
 *(.debug_pubnames)

.debug_info
 *(.debug_info)
 *(.gnu.linkonce.wi.*)

.debug_abbrev
 *(.debug_abbrev)

.debug_line
 *(.debug_line)

.debug_frame
 *(.debug_frame)

.debug_str
 *(.debug_str)

.debug_loc
 *(.debug_loc)

.debug_macinfo
 *(.debug_macinfo)
OUTPUT(Kolokvijum.elf elf32-avr)
LOAD linker stubs
